// Jest Snapshot v1, https://goo.gl/fbAQLP

exports[`CartContainer Component renders correctly 1`] = `
<div
  className=""
>
  <div
    className="flexbox cart"
  >
    <h5>
      Order Cart
    </h5>
    <button
      className="btn title-button"
    >
      ✖
    </button>
  </div>
  <div
    className="responsive-table"
  >
    <table
      className="table"
    >
      <thead>
        <tr>
          <th>
            Meal Title
          </th>
          <th>
            Price (₦)
          </th>
          <th>
            Quantity
          </th>
          <th>
            Subtotal (₦)
          </th>
          <th />
        </tr>
      </thead>
      <tbody>
        <mockConstructor
          Meals={
            Array [
              Object {
                "MealOrders": Object {
                  "quantity": 2,
                },
                "id": "abc",
                "price": 1200,
              },
              Object {
                "MealOrders": Object {
                  "quantity": 2,
                },
                "id": "def",
                "price": 2000,
              },
            ]
          }
          User={
            Object {
              "email": "asdf",
              "firstName": "first",
              "lastName": "last",
            }
          }
          addClass=""
          clearCart={[MockFunction]}
          dispatch={[MockFunction]}
          id="order1"
          key="order1"
          orderError=""
          orderId=""
          quantity=""
          setQuantity={[Function]}
          userId="userId"
        />
        <mockConstructor
          Meals={
            Array [
              Object {
                "MealOrders": Object {
                  "quantity": 2,
                },
                "id": "abc",
                "price": 1200,
              },
              Object {
                "MealOrders": Object {
                  "quantity": 2,
                },
                "id": "def",
                "price": 2000,
              },
            ]
          }
          User={
            Object {
              "email": "asdf",
              "firstName": "first",
              "lastName": "last",
            }
          }
          addClass=""
          clearCart={[MockFunction]}
          dispatch={[MockFunction]}
          id="order2"
          key="order2"
          orderError=""
          orderId=""
          quantity=""
          setQuantity={[Function]}
          userId="userId"
        />
      </tbody>
      <caption
        className="flexbox-cart"
      >
        <div
          className="flexbox"
        >
          <div
            className="flexbox info"
          >
            <p>
               Order Total 
            </p>
            <p>
               ₦
              NaN
            </p>
          </div>
          <div
            className="flexbox info"
          >
            <button
              className="btn btn-cart"
              onClick={[Function]}
            >
              Place Order
            </button>
            <button
              className="btn btn-cart"
              onClick={[MockFunction]}
            >
              Clear Cart
            </button>
          </div>
        </div>
      </caption>
    </table>
  </div>
</div>
`;
