// Jest Snapshot v1, https://goo.gl/fbAQLP

exports[`Dashboard Component renders correctly 1`] = `
<div
  className="canvas2"
  id="dashboard"
>
  <div
    className="container3"
  >
    <header
      className="header extra"
    >
      <Connect(Nav) />
    </header>
    <main>
      <Greeting
        firstName="user"
        isCaterer={true}
      />
      <div
        className="flexbox"
      >
        <div
          className="card order_summary"
        >
          <div
            className="flexbox"
          >
            <span
              className="order_span summary_value flow-text"
            >
              2
            </span>
            <span
              className="order_span shrink"
            >
              <img
                alt="cutlery"
                className="responsive-img"
                src="./images/food.png"
              />
            </span>
          </div>
          <h5
            className="flow-text"
          >
            Orders
          </h5>
        </div>
        <div
          className="card order_summary"
        >
          <div
            className="flexbox"
          >
            <span
              className="order_span summary_value flow-text"
            >
              1
            </span>
            <span
              className="order_span shrink"
            >
              <img
                alt="head profile"
                className="responsive-img"
                src="./images/profile.png"
              />
            </span>
          </div>
          <h5
            className="flow-text"
          >
            Customer(s)
          </h5>
        </div>
        <div
          className="card order_summary"
        >
          <div
            className="flexbox"
          >
            <span
              className="order_span summary_value flow-text"
            >
              ₦
              12800
            </span>
            <span
              className="order_span shrink"
            >
              <img
                alt="upward stock chart"
                className="responsive-img"
                src="./images/chart.png"
              />
            </span>
          </div>
          <h5
            className="flow-text"
          >
            Total Sales
          </h5>
        </div>
      </div>
      <div
        className="order_detail flexbox title-element"
      >
        <h5>
          Today's Orders
        </h5>
        <Search
          caseSensitive={false}
          className="search-input input-field"
          fuzzy={false}
          onChange={[Function]}
          throttle={200}
        />
      </div>
      <AccordionWrapper
        accordion={false}
        className="accordion"
        onChange={[Function]}
      >
        <AccordionItemWrapper
          accordionStore={
            AccordionContainer {
              "_listeners": Array [],
              "state": Object {
                "accordion": true,
                "items": Array [],
                "onChange": [Function],
              },
            }
          }
          className="accordion__item"
          disabled={false}
          expanded={true}
          hideBodyClassName=""
        >
          <AccordionItemTitleWrapper
            className="accordion__title"
            hideBodyClassName=""
          />
          <AccordionItemBodyWrapper
            className="accordion__body"
            hideBodyClassName="accordion__body--hidden"
          >
            <div>
              <table
                className="striped responsive-table"
              >
                <thead>
                  <tr>
                    <th>
                      S/N
                    </th>
                    <th>
                      Customer
                    </th>
                    <th>
                      Order
                    </th>
                    <th>
                      Meals
                    </th>
                    <th>
                      Quantities
                    </th>
                    <th>
                      Time
                    </th>
                    <th>
                      Total(₦)
                    </th>
                  </tr>
                </thead>
                <tbody>
                  <tr
                    key="order1"
                  >
                    <td>
                      1
                    </td>
                    <td>
                      first 
                                last
                    </td>
                    <td>
                      order1
                    </td>
                    <td>
                      , 
                    </td>
                    <td>
                      2, 2
                    </td>
                    <td>
                      Invalid Date
                    </td>
                    <td>
                      6400
                    </td>
                  </tr>
                  <tr
                    key="order2"
                  >
                    <td>
                      2
                    </td>
                    <td>
                      first 
                                last
                    </td>
                    <td>
                      order2
                    </td>
                    <td>
                      , 
                    </td>
                    <td>
                      2, 2
                    </td>
                    <td>
                      Invalid Date
                    </td>
                    <td>
                      6400
                    </td>
                  </tr>
                </tbody>
              </table>
            </div>
          </AccordionItemBodyWrapper>
        </AccordionItemWrapper>
      </AccordionWrapper>
    </main>
  </div>
</div>
`;
