// Jest Snapshot v1, https://goo.gl/fbAQLP

exports[`OrderItem Component renders correctly 1`] = `
<div
  className="row order_item"
  style={
    Object {
      "borderBottom": "1px solid",
    }
  }
>
  <div
    className="col s1 text_left"
  />
  <div
    className="col s9"
  />
  <div
    className="col s1 text_left"
  >
    Invalid Date
  </div>
  <div
    className="col s1 text_right"
  />
</div>
`;
