// Jest Snapshot v1, https://goo.gl/fbAQLP

exports[`OrderCard Component renders correctly 1`] = `
<React.Fragment>
  <div
    className="card card-booking pillar"
  >
    <img
      alt="Meal"
      className="fluid-img"
      src="nice"
    />
    <div
      className="pillar"
    >
      <div
        className="title-element text_left long_string"
      >
        nice
      </div>
      <div
        className="flexbox"
      >
        <div
          className="text_left pad"
        >
          ₦
          200
        </div>
        <button
          className="btn title-button row_button"
          onClick={[Function]}
        >
          <div
            className="long_string2"
          >
            Add to Cart
          </div>
        </button>
        <button
          className="btn title-button icon"
          onClick={[Function]}
        >
          ✖
        </button>
      </div>
    </div>
  </div>
</React.Fragment>
`;
