// Jest Snapshot v1, https://goo.gl/fbAQLP

exports[`OrderItem Component renders correctly 1`] = `
<div
  className="row order_item"
  style={
    Object {
      "borderBottom": "1px solid",
    }
  }
>
  <div
    className="col s1 text_left"
  />
  <div
    className="col s9"
  >
    <div
      className="row"
      key="abc"
    >
      <div
        className="col s7 text_left long_string left_pad"
      />
      <div
        className="col s3 text_left left_pad"
      >
        1200
      </div>
      <div
        className="col s2 text_left"
      >
        2
      </div>
    </div>
    <div
      className="row"
      key="def"
    >
      <div
        className="col s7 text_left long_string left_pad"
      />
      <div
        className="col s3 text_left left_pad"
      >
        2000
      </div>
      <div
        className="col s2 text_left"
      >
        2
      </div>
    </div>
  </div>
  <div
    className="col s1 text_left"
  >
    Invalid Date
  </div>
  <div
    className="col s1 text_right"
  />
</div>
`;
